
> episode-canonical-frontend@0.1.0 build
> vite build

[36mvite v5.4.21 [32mbuilding for production...[36m[39m
transforming...
[32mΓ£ô[39m 41 modules transformed.
x Build failed in 395ms
error during build:
[vite:css] [postcss] C:/Users/12483/prime studios/BRD/Episode-Canonical-Control-Record/frontend/src/pages/ThumbnailComposer.css:98:1: Unexpected }
file: C:/Users/12483/prime studios/BRD/Episode-Canonical-Control-Record/frontend/src/pages/ThumbnailComposer.css:98:0
    at Input.error (C:\Users\12483\prime studios\BRD\Episode-Canonical-Control-Record\frontend\node_modules\postcss\lib\input.js:135:16)
    at Parser.unexpectedClose (C:\Users\12483\prime studios\BRD\Episode-Canonical-Control-Record\frontend\node_modules\postcss\lib\parser.js:587:22)
    at Parser.end (C:\Users\12483\prime studios\BRD\Episode-Canonical-Control-Record\frontend\node_modules\postcss\lib\parser.js:330:12)
    at Parser.parse (C:\Users\12483\prime studios\BRD\Episode-Canonical-Control-Record\frontend\node_modules\postcss\lib\parser.js:456:16)
    at parse (C:\Users\12483\prime studios\BRD\Episode-Canonical-Control-Record\frontend\node_modules\postcss\lib\parse.js:11:12)
    at new LazyResult (C:\Users\12483\prime studios\BRD\Episode-Canonical-Control-Record\frontend\node_modules\postcss\lib\lazy-result.js:165:16)
    at Processor.process (C:\Users\12483\prime studios\BRD\Episode-Canonical-Control-Record\frontend\node_modules\postcss\lib\processor.js:53:14)
    at compileCSS (file:///C:/Users/12483/prime%20studios/BRD/Episode-Canonical-Control-Record/frontend/node_modules/vite/dist/node/chunks/dep-BK3b2jBa.js:36898:59)
    at async Object.transform (file:///C:/Users/12483/prime%20studios/BRD/Episode-Canonical-Control-Record/frontend/node_modules/vite/dist/node/chunks/dep-BK3b2jBa.js:36171:11)
    at async transform (file:///C:/Users/12483/prime%20studios/BRD/Episode-Canonical-Control-Record/frontend/node_modules/rollup/dist/es/shared/node-entry.js:21234:16)
