AIEditPlan	-	no-table
AIRevision	-	no-table
AITrainingData	-	no-table
ActivityLog	action_type	missing-column
ActivityLog	ip_address	missing-column
ActivityLog	new_values	missing-column
ActivityLog	old_values	missing-column
ActivityLog	resource_id	missing-column
ActivityLog	resource_type	missing-column
ActivityLog	user_agent	missing-column
ActivityLog	user_id	missing-column
Asset	processing_metadata	missing-column
Asset	processing_status	missing-column
Asset	s3_key_processed	missing-column
Asset	s3_url_enhanced	missing-column
Asset	s3_url_no_bg	missing-column
AssetLabel	-	no-table
AudioClip	-	no-table
Beat	-	no-table
BrainDocument	-	no-table
CharacterClip	-	no-table
CharacterProfile	deleted_at	paranoid-no-deleted_at
CompositionAsset	-	no-table
CompositionOutput	-	no-table
CompositionOutput	error_message	canon-missing-column
CompositionOutput	file_size	canon-missing-column
CompositionOutput	generated_at	canon-missing-column
CompositionOutput	generated_by	canon-missing-column
ContinuityBeatCharacter	-	no-table
ContinuityBeatCharacter	deleted_at	canon-missing-column
ContinuityCharacter	-	no-table
ContinuityTimeline	-	no-table
EditMap	deleted_at	paranoid-no-deleted_at
EditingDecision	-	no-table
EpisodeAsset	display_order	missing-column
EpisodeAsset	metadata	missing-column
EpisodeAsset	scene_number	missing-column
EpisodeAsset	usage_type	missing-column
EpisodeScene	deleted_at	paranoid-no-deleted_at
FileStorage	-	no-table
Layer	-	no-table
LayerPreset	-	no-table
Marker	-	no-table
MetadataStorage	episode_id	missing-column
MetadataStorage	extracted_text	missing-column
MetadataStorage	extraction_timestamp	missing-column
MetadataStorage	processing_duration_seconds	missing-column
MetadataStorage	scenes_detected	missing-column
MetadataStorage	sentiment_analysis	missing-column
MetadataStorage	visual_objects	missing-column
OutfitSet	-	no-table
OutfitSetItems	-	no-table
OutfitSetItems	deleted_at	canon-missing-column
ProcessingQueue	-	no-table
ProcessingQueue	completed_at	canon-missing-column
ProcessingQueue	error_message	canon-missing-column
ProcessingQueue	job_config	canon-missing-column
ProcessingQueue	job_type	canon-missing-column
ProcessingQueue	max_retries	canon-missing-column
ProcessingQueue	retry_count	canon-missing-column
ProcessingQueue	sqs_message_id	canon-missing-column
ProcessingQueue	sqs_receipt_handle	canon-missing-column
ProcessingQueue	started_at	canon-missing-column
RegistryCharacter	world	missing-column
SceneAngle	angle_description	missing-column
SceneAngle	artifact_flags	missing-column
SceneAngle	camera_direction	missing-column
SceneAngle	generation_attempt	missing-column
SceneAngle	quality_review	missing-column
SceneAngle	quality_score	missing-column
SceneAngle	refined_prompt	missing-column
SceneLayerConfiguration	-	no-table
SceneLibrary	deleted_at	paranoid-no-deleted_at
SceneSet	base_still_url	missing-column
SceneTemplate	-	no-table
SceneTemplate	deleted_at	canon-missing-column
ScriptEditHistory	-	no-table
ScriptLearningProfile	-	no-table
ScriptSuggestion	-	no-table
ScriptTemplate	-	no-table
ShowAsset	-	no-table
ShowConfig	-	no-table
StorytellerBook	conflict	missing-column
StorytellerBook	pov	missing-column
StorytellerBook	setting	missing-column
StorytellerBook	stakes	missing-column
StorytellerBook	theme	missing-column
StorytellerBook	tone	missing-column
StorytellerChapter	chapter_template	missing-column
StorytellerChapter	sections	missing-column
Thumbnail	isPrimary	missing-column
Thumbnail	platformUploadStatus	missing-column
Thumbnail	platformUrls	missing-column
Thumbnail	publishStatus	missing-column
Thumbnail	publishedAt	missing-column
Thumbnail	publishedBy	missing-column
Thumbnail	unpublishedAt	missing-column
ThumbnailComposition	approval_status	missing-column
ThumbnailComposition	approved_at	missing-column
ThumbnailComposition	approved_by	missing-column
ThumbnailComposition	include_justawomaninherprime	missing-column
ThumbnailComposition	justawomaninherprime_position	missing-column
ThumbnailComposition	published_at	missing-column
ThumbnailTemplate	-	no-table
ThumbnailTemplate	conditional_roles	canon-missing-column
ThumbnailTemplate	description	canon-missing-column
ThumbnailTemplate	is_active	canon-missing-column
ThumbnailTemplate	optional_roles	canon-missing-column
ThumbnailTemplate	paired_roles	canon-missing-column
ThumbnailTemplate	required_roles	canon-missing-column
ThumbnailTemplate	show_id	canon-missing-column
ThumbnailTemplate	version	canon-missing-column
TimelinePlacement	-	no-table
VideoProcessingJob	-	no-table
WardrobeLibraryReferences	-	no-table
WardrobeLibraryReferences	deleted_at	canon-missing-column
WardrobeUsageHistory	-	no-table
WardrobeUsageHistory	deleted_at	canon-missing-column
asset_asset_labels	-	no-table
