src/controllers/episodeAssetsController.js	EpisodeAsset.create	values	added_by
src/controllers/episodeAssetsController.js	EpisodeAsset.create	values	folder
src/controllers/episodeAssetsController.js	EpisodeAsset.create	values	sort_order
src/controllers/episodeAssetsController.js	EpisodeAsset.create	values	tags
src/controllers/episodeAssetsController.js	EpisodeAsset.findAll	group	folder
src/controllers/episodeAssetsController.js	EpisodeAsset.findAll	order	added_at
src/controllers/episodeAssetsController.js	EpisodeAsset.findAll	order	folder
src/controllers/episodeAssetsController.js	EpisodeAsset.findAll	order	sort_order
src/controllers/episodeAssetsController.js	EpisodeAsset.findAll	where(assigned)	folder
src/controllers/episodeController.js	Episode.create	values	collaborators
src/controllers/episodeController.js	Episode.create	values	content_strategy
src/controllers/episodeController.js	Episode.create	values	content_types
src/controllers/episodeController.js	Episode.create	values	needs_approval
src/controllers/episodeController.js	Episode.create	values	owner_creator
src/controllers/episodeController.js	Episode.create	values	platform_descriptions
src/controllers/episodeController.js	Episode.create	values	platforms
src/controllers/episodeController.js	Episode.create	values	platforms_other
src/controllers/episodeController.js	Episode.create	values	primary_audience
src/controllers/episodeController.js	Episode.create	values	structure
src/controllers/episodeController.js	Episode.create	values	tones
src/controllers/episodeController.js	Episode.create	values	visual_requirements
src/controllers/jobController.js	ProcessingQueue.create	values	data
src/controllers/jobController.js	ProcessingQueue.create	values	file_id
src/controllers/jobController.js	ProcessingQueue.create	values	progress
src/controllers/metadataController.js	Episode.findAndCountAll	attributes	episodeTitle
src/controllers/metadataController.js	Episode.findAndCountAll	attributes	showName
src/controllers/metadataController.js	Episode.findByPk	attributes	episodeNumber
src/controllers/metadataController.js	Episode.findByPk	attributes	episodeTitle
src/controllers/metadataController.js	Episode.findByPk	attributes	seasonNumber
src/controllers/metadataController.js	Episode.findByPk	attributes	showName
src/controllers/metadataController.js	MetadataStorage.findAndCountAll	order	createdAt
src/controllers/processingController.js	Episode.findAndCountAll	attributes	episodeNumber
src/controllers/processingController.js	Episode.findAndCountAll	attributes	episodeTitle
src/controllers/processingController.js	Episode.findAndCountAll	attributes	seasonNumber
src/controllers/processingController.js	Episode.findAndCountAll	attributes	showName
src/controllers/processingController.js	Episode.findByPk	attributes	episodeNumber
src/controllers/processingController.js	Episode.findByPk	attributes	episodeTitle
src/controllers/processingController.js	Episode.findByPk	attributes	seasonNumber
src/controllers/processingController.js	Episode.findByPk	attributes	showName
src/controllers/sceneController.js	SceneAsset.create	values	role
src/controllers/sceneController.js	SceneAsset.findAll	order	role
src/controllers/sceneController.js	SceneAsset.findAll	where(assigned)	role
src/controllers/sceneController.js	SceneAsset.findOne	where	role
src/controllers/sceneStudioController.js	Asset.create	values	label
src/controllers/sceneStudioController.js	Asset.create	values	type
src/controllers/sceneStudioController.js	Asset.create	values	usage_type
src/controllers/thumbnailController.js	Episode.findAndCountAll	attributes	episodeTitle
src/controllers/thumbnailController.js	Episode.findAndCountAll	attributes	showName
src/controllers/thumbnailController.js	Episode.findByPk	attributes	episodeNumber
src/controllers/thumbnailController.js	Episode.findByPk	attributes	episodeTitle
src/controllers/thumbnailController.js	Episode.findByPk	attributes	seasonNumber
src/controllers/thumbnailController.js	Episode.findByPk	attributes	showName
src/controllers/wardrobeApprovalController.js	EpisodeWardrobe.findAll	include(as)	wardrobe
src/controllers/wardrobeApprovalController.js	EpisodeWardrobe.findOne	include(as)	wardrobe
src/controllers/wardrobeLibraryController.js	EpisodeWardrobe.create	values	override_character
src/controllers/wardrobeLibraryController.js	EpisodeWardrobe.create	values	override_occasion
src/controllers/wardrobeLibraryController.js	EpisodeWardrobe.create	values	override_season
src/controllers/wardrobeLibraryController.js	EpisodeWardrobe.findAll	include(as)	wardrobe
src/controllers/wardrobeLibraryController.js	Wardrobe.create	values	created_by
src/controllers/wardrobeLibraryController.js	Wardrobe.create	values	imageUrl
src/controllers/wardrobeLibraryController.js	Wardrobe.create	values	thumbnailUrl
src/controllers/wardrobeLibraryController.js	WardrobeUsageHistory.findAll	include(as)	sceneDetails
src/routes/amberDiagnosticRoutes.js	FranchiseKnowledge.findAll	attributes	source
src/routes/amberDiagnosticRoutes.js	RegistryCharacter.findAll	attributes	name
src/routes/amberDiagnosticRoutes.js	StorytellerMemory.count	where	status
src/routes/amberSessionRoutes.js	StorytellerLine.findAll	attributes	content
src/routes/amberSessionRoutes.js	StorytellerMemory.count	where	status
src/routes/characterAI.js	CharacterRelationship.findAll	where	source_name
src/routes/characterAI.js	CharacterRelationship.findAll	where	target_name
src/routes/characterCrossingRoutes.js	RegistryCharacter.findAll	attributes	dimensions_hidden
src/routes/characterCrossingRoutes.js	RegistryCharacter.findAll	attributes	dimensions_performed
src/routes/characterCrossingRoutes.js	RegistryCharacter.findAll	attributes	performing_publicly
src/routes/characterGenerationRoutes.js	RegistryCharacter.create	values	world_exists
src/routes/characterGenerationRoutes.js	RegistryCharacter.findAll	where	world_exists
src/routes/characterGenerationRoutes.js	Universe.findByPk	attributes	tone
src/routes/characterRegistry.js	RegistryCharacter.create	values	sexuality
src/routes/compositions.js	EpisodeAsset.findOne	where	role
src/routes/compositions.js	ThumbnailComposition.create	values	template_studio_id
src/routes/entanglementRoutes.js	SocialProfile.findAll	attributes	follower_count
src/routes/episodes.js	SceneSet.findAll	attributes	set_type
src/routes/footage.js	Scene.create	values	type
src/routes/memories/engine.js	CharacterRelationship.findAll	include(as)	characterA
src/routes/memories/engine.js	CharacterRelationship.findAll	include(as)	characterB
src/routes/memories/engine.js	RegistryCharacter.create	values	metadata
src/routes/memories/engine.js	StorytellerChapter.findAll	attributes	order_index
src/routes/novelIntelligenceRoutes.js	StorytellerLine.findAll	order	order
src/routes/novelIntelligenceRoutes.js	StorytellerLine.findAll	order	story_id
src/routes/novelIntelligenceRoutes.js	StorytellerLine.findAll	where	story_id
src/routes/novelIntelligenceRoutes.js	StorytellerStory.findAll	where	book_id
src/routes/onboarding.js	StorytellerChapter.findAll	attributes	story_number
src/routes/onboarding.js	StorytellerChapter.findAll	attributes	story_phase
src/routes/onboarding.js	StorytellerChapter.findAll	where	story_number
src/routes/onboarding.js	StorytellerLine.findAll	attributes	content
src/routes/sceneLinks.js	SceneFootageLink.create	values	footage_id
src/routes/sceneLinks.js	ScriptMetadata.findAll	where	episode_id
src/routes/sceneLinks.js	ScriptMetadata.findAll	where	type
src/routes/sceneProposeRoute.js	StorytellerStory.findAll	attributes	arc_stage
src/routes/sceneProposeRoute.js	StorytellerStory.findAll	where	book_id
src/routes/sceneSetRoutes.js	SceneSet.create	values	beat_numbers
src/routes/sceneSetRoutes.js	SceneSet.create	values	notes
src/routes/scriptGenerator.js	EpisodeScene.create	values	content
src/routes/scriptGenerator.js	EpisodeScene.create	values	description
src/routes/scriptGenerator.js	EpisodeScene.create	values	duration_seconds
src/routes/scriptGenerator.js	EpisodeScene.create	values	episode_script_id
src/routes/scriptGenerator.js	EpisodeScene.create	values	scene_number
src/routes/scriptGenerator.js	EpisodeScene.create	values	title
src/routes/scriptGenerator.js	ScriptTemplate.create	values	scene_structure
src/routes/scriptGenerator.js	ScriptTemplate.create	values	show_id
src/routes/scriptGenerator.js	ScriptTemplate.create	values	template_content
src/routes/scriptGenerator.js	ScriptTemplate.create	values	variables
src/routes/scriptGenerator.js	ScriptTemplate.create	values	version
src/routes/scriptGenerator.js	ScriptTemplate.findOne	order	version
src/routes/scriptGenerator.js	ScriptTemplate.findOne	where	show_id
src/routes/scriptGenerator.js	ShowConfig.create	values	content_specs
src/routes/scriptGenerator.js	ShowConfig.create	values	format
src/routes/scriptGenerator.js	ShowConfig.create	values	niche_category
src/routes/scriptGenerator.js	ShowConfig.create	values	target_duration
src/routes/scriptGenerator.js	ShowConfig.create	values	target_scene_count
src/routes/scriptParse.js	Scene.create	values	metadata
src/routes/scriptParse.js	Scene.create	values	status
src/routes/socialProfileRoutes.js	RegistryCharacter.create	values	metadata
src/routes/storyEvaluationRoutes.js	StorytellerStory.create	values	book_id
src/routes/storyEvaluationRoutes.js	StorytellerStory.create	values	chapter_id
src/routes/storyEvaluationRoutes.js	StorytellerStory.create	values	must_include
src/routes/storyEvaluationRoutes.js	StorytellerStory.create	values	never_include
src/routes/storyteller.js	StorytellerChapter.update	values	metadata
src/routes/textureLayerRoutes.js	RegistryCharacter.findAll	attributes	name
src/routes/textureLayerRoutes.js	RegistryCharacter.findOne	attributes	name
src/routes/tierFeatures.js	StorytellerChapter.update	values	metadata
src/routes/tierFeatures.js	StorytellerLine.findAll	order	line_order
src/routes/upgradeRoutes.js	StorytellerStory.findAll	where	book_id
src/routes/wardrobeLibrary.js	Episode.findByPk	attributes	dress_code
src/routes/wardrobeLibrary.js	Episode.findByPk	attributes	event_name
src/routes/wardrobeLibrary.js	Episode.findByPk	attributes	event_type
src/routes/wardrobeLibrary.js	WardrobeUsageHistory.create	values	character_id
src/routes/wardrobeLibrary.js	WardrobeUsageHistory.create	values	event_data
src/routes/wardrobeLibrary.js	WardrobeUsageHistory.create	values	event_type
src/routes/wardrobeLibrary.js	WardrobeUsageHistory.create	values	wardrobe_library_id
src/services/AssetService.js	Asset.create	values	description
src/services/AssetService.js	Asset.create	values	s3_key
src/services/AssetService.js	Asset.create	values	url
src/services/CompositionService.js	ThumbnailComposition.findByPk	attributes	template_studio_id
src/services/CompositionService.js	ThumbnailTemplate.findAll	order	platform
src/services/ThumbnailService.js	Thumbnail.count	where	episode_id
src/services/ThumbnailService.js	Thumbnail.findAll	attributes	composition_id
src/services/ThumbnailService.js	Thumbnail.findAll	attributes	created_at
src/services/ThumbnailService.js	Thumbnail.findAll	attributes	episode_id
src/services/ThumbnailService.js	Thumbnail.findAll	attributes	metadata
src/services/ThumbnailService.js	Thumbnail.findAll	attributes	s3_key
src/services/ThumbnailService.js	Thumbnail.findAll	attributes	thumbnail_type
src/services/ThumbnailService.js	Thumbnail.findAll	attributes	updated_at
src/services/ThumbnailService.js	Thumbnail.findAll	attributes	url
src/services/ThumbnailService.js	Thumbnail.findAll	order	created_at
src/services/ThumbnailService.js	Thumbnail.findAll	where	episode_id
src/services/groundedScriptGeneratorService.js	WardrobeLibrary.findAll	attributes	aesthetic_tags
src/services/groundedScriptGeneratorService.js	WardrobeLibrary.findAll	attributes	lala_reaction_equipped
src/services/groundedScriptGeneratorService.js	WardrobeLibrary.findAll	attributes	slot
src/services/groundedScriptGeneratorService.js	WardrobeLibrary.findAll	attributes	tier
src/services/groundedScriptGeneratorService.js	WardrobeLibrary.findAll	where	is_owned
src/services/objectGenerationService.js	Asset.create	values	original_filename
src/services/registrySync.js	StorytellerLine.findAll	order	order_index
src/services/worldTemperatureService.js	Character.findAll	where	universe_id
src/services/worldTemperatureService.js	CharacterRelationship.findAll	where	deleted_at
src/services/youtubeService.js	AITrainingData.create	values	episode_id
src/services/youtubeService.js	AITrainingData.findAll	where(assigned)	episode_id
src/services/youtubeService.js	AITrainingData.findAll	where(assigned)	processing_status
