AIEditPlan	-	no-table
AIRevision	-	no-table
AITrainingData	-	no-table
ActivityLog	action_type	missing-column
ActivityLog	ip_address	missing-column
ActivityLog	new_values	missing-column
ActivityLog	old_values	missing-column
ActivityLog	resource_id	missing-column
ActivityLog	resource_type	missing-column
ActivityLog	user_agent	missing-column
ActivityLog	user_id	missing-column
Asset	processing_metadata	missing-column
Asset	processing_status	missing-column
Asset	s3_url_enhanced	missing-column
Asset	s3_url_no_bg	missing-column
AssetLabel	-	no-table
AudioClip	-	no-table
Beat	-	no-table
BrainDocument	-	no-table
CharacterClip	-	no-table
CharacterProfile	deleted_at	paranoid-no-deleted_at
CompositionAsset	-	no-table
CompositionOutput	-	no-table
ContinuityBeatCharacter	-	no-table
ContinuityCharacter	-	no-table
ContinuityTimeline	-	no-table
EditMap	deleted_at	paranoid-no-deleted_at
EditingDecision	-	no-table
EpisodeAsset	display_order	missing-column
EpisodeAsset	metadata	missing-column
EpisodeAsset	scene_number	missing-column
EpisodeAsset	usage_type	missing-column
EpisodeScene	deleted_at	paranoid-no-deleted_at
EpisodeWardrobe	-	no-table
FileStorage	-	no-table
Layer	-	no-table
LayerPreset	-	no-table
Marker	-	no-table
MetadataStorage	episode_id	missing-column
MetadataStorage	extracted_text	missing-column
MetadataStorage	extraction_timestamp	missing-column
MetadataStorage	processing_duration_seconds	missing-column
MetadataStorage	scenes_detected	missing-column
MetadataStorage	sentiment_analysis	missing-column
MetadataStorage	visual_objects	missing-column
OutfitSet	-	no-table
OutfitSetItems	-	no-table
ProcessingQueue	-	no-table
RegistryCharacter	world	missing-column
SceneAngle	angle_description	missing-column
SceneAngle	artifact_flags	missing-column
SceneAngle	camera_direction	missing-column
SceneAngle	generation_attempt	missing-column
SceneAngle	quality_review	missing-column
SceneAngle	quality_score	missing-column
SceneAngle	refined_prompt	missing-column
SceneLayerConfiguration	-	no-table
SceneLibrary	deleted_at	paranoid-no-deleted_at
SceneSet	base_still_url	missing-column
SceneTemplate	-	no-table
ScriptEditHistory	-	no-table
ScriptLearningProfile	-	no-table
ScriptSuggestion	-	no-table
ScriptTemplate	-	no-table
ShowAsset	-	no-table
ShowConfig	-	no-table
StorytellerBook	conflict	missing-column
StorytellerBook	pov	missing-column
StorytellerBook	setting	missing-column
StorytellerBook	stakes	missing-column
StorytellerBook	theme	missing-column
StorytellerBook	tone	missing-column
StorytellerChapter	chapter_template	missing-column
StorytellerChapter	sections	missing-column
Thumbnail	isPrimary	missing-column
Thumbnail	platformUploadStatus	missing-column
Thumbnail	platformUrls	missing-column
Thumbnail	publishStatus	missing-column
Thumbnail	publishedAt	missing-column
Thumbnail	publishedBy	missing-column
Thumbnail	unpublishedAt	missing-column
ThumbnailComposition	approval_status	missing-column
ThumbnailComposition	include_justawomaninherprime	missing-column
ThumbnailComposition	justawomaninherprime_position	missing-column
ThumbnailTemplate	-	no-table
TimelinePlacement	-	no-table
VideoProcessingJob	-	no-table
WardrobeLibraryReferences	-	no-table
WardrobeUsageHistory	-	no-table
asset_asset_labels	-	no-table
